// Jest Snapshot v1, https://goo.gl/fbAQLP

exports[`renders homepage unchanged 1`] = `
<div>
  <h2
    class="h2"
    data-testid="heading"
  >
    All products
  </h2>
  <div>
    <input
      class="input"
      data-testid="search-bar"
      name="searchProduct"
      placeholder="Type your product..."
      type="text"
      value=""
    />
    <div
      class="filters_container"
    >
      <label
        class="select_label"
        for="orderBy"
      >
        Order by:
      </label>
      <select
        class="select"
        name="orderBy"
      >
        <option
          value="price"
        >
          Lower Price
        </option>
        <option
          value="az"
        >
          A-Z
        </option>
        <option
          value="za"
        >
          Z-A
        </option>
      </select>
    </div>
  </div>
  <section
    class="products_container"
  />
</div>
`;
